Archive member included to satisfy reference by file (symbol)

C:/ST/STM32CubeIDE_1.19.0/STM32CubeIDE/plugins/com.st.stm32cube.ide.mcu.externaltools.gnu-tools-for-stm32.13.3.rel1.win32_1.0.0.202411081344/tools/bin/../lib/gcc/arm-none-eabi/13.3.1/../../../../arm-none-eabi/lib/thumb/v7-m/nofp\libc_nano.a(libc_a-exit.o)
                              C:/ST/STM32CubeIDE_1.19.0/STM32CubeIDE/plugins/com.st.stm32cube.ide.mcu.externaltools.gnu-tools-for-stm32.13.3.rel1.win32_1.0.0.202411081344/tools/bin/../lib/gcc/arm-none-eabi/13.3.1/../../../../arm-none-eabi/lib/thumb/v7-m/nofp/crt0.o (exit)
C:/ST/STM32CubeIDE_1.19.0/STM32CubeIDE/plugins/com.st.stm32cube.ide.mcu.externaltools.gnu-tools-for-stm32.13.3.rel1.win32_1.0.0.202411081344/tools/bin/../lib/gcc/arm-none-eabi/13.3.1/../../../../arm-none-eabi/lib/thumb/v7-m/nofp\libc_nano.a(libc_a-findfp.o)
                              C:/ST/STM32CubeIDE_1.19.0/STM32CubeIDE/plugins/com.st.stm32cube.ide.mcu.externaltools.gnu-tools-for-stm32.13.3.rel1.win32_1.0.0.202411081344/tools/bin/../lib/gcc/arm-none-eabi/13.3.1/../../../../arm-none-eabi/lib/thumb/v7-m/nofp\libc_nano.a(libc_a-exit.o) (__stdio_exit_handler)
C:/ST/STM32CubeIDE_1.19.0/STM32CubeIDE/plugins/com.st.stm32cube.ide.mcu.externaltools.gnu-tools-for-stm32.13.3.rel1.win32_1.0.0.202411081344/tools/bin/../lib/gcc/arm-none-eabi/13.3.1/../../../../arm-none-eabi/lib/thumb/v7-m/nofp\libc_nano.a(libc_a-fwalk.o)
                              C:/ST/STM32CubeIDE_1.19.0/STM32CubeIDE/plugins/com.st.stm32cube.ide.mcu.externaltools.gnu-tools-for-stm32.13.3.rel1.win32_1.0.0.202411081344/tools/bin/../lib/gcc/arm-none-eabi/13.3.1/../../../../arm-none-eabi/lib/thumb/v7-m/nofp\libc_nano.a(libc_a-findfp.o) (_fwalk_sglue)
C:/ST/STM32CubeIDE_1.19.0/STM32CubeIDE/plugins/com.st.stm32cube.ide.mcu.externaltools.gnu-tools-for-stm32.13.3.rel1.win32_1.0.0.202411081344/tools/bin/../lib/gcc/arm-none-eabi/13.3.1/../../../../arm-none-eabi/lib/thumb/v7-m/nofp\libc_nano.a(libc_a-stdio.o)
                              C:/ST/STM32CubeIDE_1.19.0/STM32CubeIDE/plugins/com.st.stm32cube.ide.mcu.externaltools.gnu-tools-for-stm32.13.3.rel1.win32_1.0.0.202411081344/tools/bin/../lib/gcc/arm-none-eabi/13.3.1/../../../../arm-none-eabi/lib/thumb/v7-m/nofp\libc_nano.a(libc_a-findfp.o) (__sread)
C:/ST/STM32CubeIDE_1.19.0/STM32CubeIDE/plugins/com.st.stm32cube.ide.mcu.externaltools.gnu-tools-for-stm32.13.3.rel1.win32_1.0.0.202411081344/tools/bin/../lib/gcc/arm-none-eabi/13.3.1/../../../../arm-none-eabi/lib/thumb/v7-m/nofp\libc_nano.a(libc_a-memset.o)
                              C:/ST/STM32CubeIDE_1.19.0/STM32CubeIDE/plugins/com.st.stm32cube.ide.mcu.externaltools.gnu-tools-for-stm32.13.3.rel1.win32_1.0.0.202411081344/tools/bin/../lib/gcc/arm-none-eabi/13.3.1/../../../../arm-none-eabi/lib/thumb/v7-m/nofp/crt0.o (memset)
C:/ST/STM32CubeIDE_1.19.0/STM32CubeIDE/plugins/com.st.stm32cube.ide.mcu.externaltools.gnu-tools-for-stm32.13.3.rel1.win32_1.0.0.202411081344/tools/bin/../lib/gcc/arm-none-eabi/13.3.1/../../../../arm-none-eabi/lib/thumb/v7-m/nofp\libc_nano.a(libc_a-closer.o)
                              C:/ST/STM32CubeIDE_1.19.0/STM32CubeIDE/plugins/com.st.stm32cube.ide.mcu.externaltools.gnu-tools-for-stm32.13.3.rel1.win32_1.0.0.202411081344/tools/bin/../lib/gcc/arm-none-eabi/13.3.1/../../../../arm-none-eabi/lib/thumb/v7-m/nofp\libc_nano.a(libc_a-stdio.o) (_close_r)
C:/ST/STM32CubeIDE_1.19.0/STM32CubeIDE/plugins/com.st.stm32cube.ide.mcu.externaltools.gnu-tools-for-stm32.13.3.rel1.win32_1.0.0.202411081344/tools/bin/../lib/gcc/arm-none-eabi/13.3.1/../../../../arm-none-eabi/lib/thumb/v7-m/nofp\libc_nano.a(libc_a-reent.o)
                              C:/ST/STM32CubeIDE_1.19.0/STM32CubeIDE/plugins/com.st.stm32cube.ide.mcu.externaltools.gnu-tools-for-stm32.13.3.rel1.win32_1.0.0.202411081344/tools/bin/../lib/gcc/arm-none-eabi/13.3.1/../../../../arm-none-eabi/lib/thumb/v7-m/nofp\libc_nano.a(libc_a-closer.o) (errno)
C:/ST/STM32CubeIDE_1.19.0/STM32CubeIDE/plugins/com.st.stm32cube.ide.mcu.externaltools.gnu-tools-for-stm32.13.3.rel1.win32_1.0.0.202411081344/tools/bin/../lib/gcc/arm-none-eabi/13.3.1/../../../../arm-none-eabi/lib/thumb/v7-m/nofp\libc_nano.a(libc_a-impure.o)
                              C:/ST/STM32CubeIDE_1.19.0/STM32CubeIDE/plugins/com.st.stm32cube.ide.mcu.externaltools.gnu-tools-for-stm32.13.3.rel1.win32_1.0.0.202411081344/tools/bin/../lib/gcc/arm-none-eabi/13.3.1/../../../../arm-none-eabi/lib/thumb/v7-m/nofp\libc_nano.a(libc_a-reent.o) (_impure_ptr)
C:/ST/STM32CubeIDE_1.19.0/STM32CubeIDE/plugins/com.st.stm32cube.ide.mcu.externaltools.gnu-tools-for-stm32.13.3.rel1.win32_1.0.0.202411081344/tools/bin/../lib/gcc/arm-none-eabi/13.3.1/../../../../arm-none-eabi/lib/thumb/v7-m/nofp\libc_nano.a(libc_a-lseekr.o)
[...]
Memory Configuration

Name             Origin             Length             Attributes
RAM              0x20000000         0x00005000         xrw
FLASH            0x08000000         0x00010000         xr
*default*        0x00000000         0xffffffff

Linker script and memory map

LOAD C:/ST/STM32CubeIDE_1.19.0/STM32CubeIDE/plugins/com.st.stm32cube.ide.mcu.externaltools.gnu-tools-for-stm32.13.3.rel1.win32_1.0.0.202411081344/tools/bin/../lib/gcc/arm-none-eabi/13.3.1/thumb/v7-m/nofp/crti.o
LOAD C:/ST/STM32CubeIDE_1.19.0/STM32CubeIDE/plugins/com.st.stm32cube.ide.mcu.externaltools.gnu-tools-for-stm32.13.3.rel1.win32_1.0.0.202411081344/tools/bin/../lib/gcc/arm-none-eabi/13.3.1/thumb/v7-m/nofp/crtbegin.o
LOAD C:/ST/STM32CubeIDE_1.19.0/STM32CubeIDE/plugins/com.st.stm32cube.ide.mcu.externaltools.gnu-tools-for-stm32.13.3.rel1.win32_1.0.0.202411081344/tools/bin/../lib/gcc/arm-none-eabi/13.3.1/../../../../arm-none-eabi/lib/thumb/v7-m/nofp/crt0.o
LOAD ./Core/Src/Encoder.o
LOAD ./Core/Src/Motor.o
LOAD ./Core/Src/PID.o
LOAD ./Core/Src/gpio.o
LOAD ./Core/Src/main.o
LOAD ./Core/Src/stm32f1xx_hal_msp.o
LOAD ./Core/Src/stm32f1xx_it.o
LOAD ./Core/Src/syscalls.o
LOAD ./Core/Src/sysmem.o
LOAD ./Core/Src/system_stm32f1xx.o
LOAD ./Core/Src/tim.o
LOAD ./Core/Startup/startup_stm32f103c8tx.o
LOAD ./Drivers/STM32F1xx_HAL_Driver/Src/stm32f1xx_hal.o
LOAD ./Drivers/STM32F1xx_HAL_Driver/Src/stm32f1xx_hal_cortex.o
LOAD ./Drivers/STM32F1xx_HAL_Driver/Src/stm32f1xx_hal_dma.o
LOAD ./Drivers/STM32F1xx_HAL_Driver/Src/stm32f1xx_hal_exti.o
LOAD ./Drivers/STM32F1xx_HAL_Driver/Src/stm32f1xx_hal_flash.o
LOAD ./Drivers/STM32F1xx_HAL_Driver/Src/stm32f1xx_hal_flash_ex.o
LOAD ./Drivers/STM32F1xx_HAL_Driver/Src/stm32f1xx_hal_gpio.o
LOAD ./Drivers/STM32F1xx_HAL_Driver/Src/stm32f1xx_hal_gpio_ex.o
LOAD ./Drivers/STM32F1xx_HAL_Driver/Src/stm32f1xx_hal_pwr.o
LOAD ./Drivers/STM32F1xx_HAL_Driver/Src/stm32f1xx_hal_rcc.o
LOAD ./Drivers/STM32F1xx_HAL_Driver/Src/stm32f1xx_hal_rcc_ex.o
LOAD ./Drivers/STM32F1xx_HAL_Driver/Src/stm32f1xx_hal_tim.o
LOAD ./Drivers/STM32F1xx_HAL_Driver/Src/stm32f1xx_hal_tim_ex.o
START GROUP
LOAD C:/ST/STM32CubeIDE_1.19.0/STM32CubeIDE/plugins/com.st.stm32cube.ide.mcu.externaltools.gnu-tools-for-stm32.13.3.rel1.win32_1.0.0.202411081344/tools/bin/../lib/gcc/arm-none-eabi/13.3.1/../../../../arm-none-eabi/lib/thumb/v7-m/nofp\libc_nano.a
LOAD C:/ST/STM32CubeIDE_1.19.0/STM32CubeIDE/plugins/com.st.stm32cube.ide.mcu.externaltools.gnu-tools-for-stm32.13.3.rel1.win32_1.0.0.202411081344/tools/bin/../lib/gcc/arm-none-eabi/13.3.1/../../../../arm-none-eabi/lib/thumb/v7-m/nofp\libm.a
END GROUP
START GROUP
LOAD C:/ST/STM32CubeIDE_1.19.0/STM32CubeIDE/plugins/com.st.stm32cube.ide.mcu.externaltools.gnu-tools-for-stm32.13.3.rel1.win32_1.0.0.202411081344/tools/bin/../lib/gcc/arm-none-eabi/13.3.1/thumb/v7-m/nofp\libgcc.a
LOAD C:/ST/STM32CubeIDE_1.19.0/STM32CubeIDE/plugins/com.st.stm32cube.ide.mcu.externaltools.gnu-tools-for-stm32.13.3.rel1.win32_1.0.0.202411081344/tools/bin/../lib/gcc/arm-none-eabi/13.3.1/../../../../arm-none-eabi/lib/thumb/v7-m/nofp\libc_nano.a
END GROUP
START GROUP
LOAD C:/ST/STM32CubeIDE_1.19.0/STM32CubeIDE/plugins/com.st.stm32cube.ide.mcu.externaltools.gnu-tools-for-stm32.13.3.rel1.win32_1.0.0.202411081344/tools/bin/../lib/gcc/arm-none-eabi/13.3.1/thumb/v7-m/nofp\libgcc.a
LOAD C:/ST/STM32CubeIDE_1.19.0/STM32CubeIDE/plugins/com.st.stm32cube.ide.mcu.externaltools.gnu-tools-for-stm32.13.3.rel1.win32_1.0.0.202411081344/tools/bin/../lib/gcc/arm-none-eabi/13.3.1/../../../../arm-none-eabi/lib/thumb/v7-m/nofp\libc_nano.a
LOAD C:/ST/STM32CubeIDE_1.19.0/STM32CubeIDE/plugins/com.st.stm32cube.ide.mcu.externaltools.gnu-tools-for-stm32.13.3.rel1.win32_1.0.0.202411081344/tools/bin/../lib/gcc/arm-none-eabi/13.3.1/../../../../arm-none-eabi/lib/thumb/v7-m/nofp\libnosys.a
END GROUP
START GROUP
LOAD C:/ST/STM32CubeIDE_1.19.0/STM32CubeIDE/plugins/com.st.stm32cube.ide.mcu.externaltools.gnu-tools-for-stm32.13.3.rel1.win32_1.0.0.202411081344/tools/bin/../lib/gcc/arm-none-eabi/13.3.1/thumb/v7-m/nofp\libgcc.a
LOAD C:/ST/STM32CubeIDE_1.19.0/STM32CubeIDE/plugins/com.st.stm32cube.ide.mcu.externaltools.gnu-tools-for-stm32.13.3.rel1.win32_1.0.0.202411081344/tools/bin/../lib/gcc/arm-none-eabi/13.3.1/../../../../arm-none-eabi/lib/thumb/v7-m/nofp\libc_nano.a
LOAD C:/ST/STM32CubeIDE_1.19.0/STM32CubeIDE/plugins/com.st.stm32cube.ide.mcu.externaltools.gnu-tools-for-stm32.13.3.rel1.win32_1.0.0.202411081344/tools/bin/../lib/gcc/arm-none-eabi/13.3.1/../../../../arm-none-eabi/lib/thumb/v7-m/nofp\libnosys.a
END GROUP
LOAD C:/ST/STM32CubeIDE_1.19.0/STM32CubeIDE/plugins/com.st.stm32cube.ide.mcu.externaltools.gnu-tools-for-stm32.13.3.rel1.win32_1.0.0.202411081344/tools/bin/../lib/gcc/arm-none-eabi/13.3.1/thumb/v7-m/nofp/crtend.o
LOAD C:/ST/STM32CubeIDE_1.19.0/STM32CubeIDE/plugins/com.st.stm32cube.ide.mcu.externaltools.gnu-tools-for-stm32.13.3.rel1.win32_1.0.0.202411081344/tools/bin/../lib/gcc/arm-none-eabi/13.3.1/thumb/v7-m/nofp/crtn.o
                0x20005000                        _estack = (ORIGIN (RAM) + LENGTH (RAM))
                0x00000200                        _Min_Heap_Size = 0x200
                0x00000400                        _Min_Stack_Size = 0x400

.isr_vector     0x08000000      0x10c
                0x08000000                        . = ALIGN (0x4)
 *(.isr_vector)
 .isr_vector    0x08000000      0x10c ./Core/Startup/startup_stm32f103c8tx.o
                0x08000000                g_pfnVectors
                0x0800010c                        . = ALIGN (0x4)

.text           0x0800010c     0x2f84
                0x0800010c                        . = ALIGN (0x4)
 *(.text)
 .text          0x0800010c       0x40 C:/ST/STM32CubeIDE_1.19.0/STM32CubeIDE/plugins/com.st.stm32cube.ide.mcu.externaltools.gnu-tools-for-stm32.13.3.rel1.win32_1.0.0.202411081344/tools/bin/../lib/gcc/arm-none-eabi/13.3.1/thumb/v7-m/nofp/crtbegin.o
 .text          0x0800014c      0x21c C:/ST/STM32CubeIDE_1.19.0/STM32CubeIDE/plugins/com.st.stm32cube.ide.mcu.externaltools.gnu-tools-for-stm32.13.3.rel1.win32_1.0.0.202411081344/tools/bin/../lib/gcc/arm-none-eabi/13.3.1/thumb/v7-m/nofp\libgcc.a(_arm_addsubsf3.o)
                0x0800014c                __aeabi_frsub
                0x08000154                __subsf3
                0x08000154                __aeabi_fsub
                0x08000158                __aeabi_fadd
                0x08000158                __addsf3
                0x080002b8                __aeabi_ui2f
                0x080002b8                __floatunsisf
                0x080002c0                __aeabi_i2f
                0x080002c0                __floatsisf
                0x080002dc                __aeabi_ul2f
                0x080002dc                __floatundisf
                0x080002ec                __aeabi_l2f
                0x080002ec                __floatdisf
 .text          0x08000368      0x2a0 C:/ST/STM32CubeIDE_1.19.0/STM32CubeIDE/plugins/com.st.stm32cube.ide.mcu.externaltools.gnu-tools-for-stm32.13.3.rel1.win32_1.0.0.202411081344/tools/bin/../lib/gcc/arm-none-eabi/13.3.1/thumb/v7-m/nofp\libgcc.a(_arm_muldivsf3.o)
                0x08000368                __mulsf3
                0x08000368                __aeabi_fmul
                0x080004d0                __aeabi_fdiv
                0x080004d0                __divsf3
 .text          0x08000608       0xec C:/ST/STM32CubeIDE_1.19.0/STM32CubeIDE/plugins/com.st.stm32cube.ide.mcu.externaltools.gnu-tools-for-stm32.13.3.rel1.win32_1.0.0.202411081344/tools/bin/../lib/gcc/arm-none-eabi/13.3.1/thumb/v7-m/nofp\libgcc.a(_arm_cmpsf2.o)
                0x08000608                __gesf2
                0x08000608                __gtsf2
                0x08000610                __lesf2
                0x08000610                __ltsf2
                0x08000618                __nesf2
                0x08000618                __eqsf2
                0x08000618                __cmpsf2
                0x08000678                __aeabi_cfrcmple
                0x08000680                __aeabi_cfcmpeq
                0x08000680                __aeabi_cfcmple
                0x08000690                __aeabi_fcmpeq
                0x080006a4                __aeabi_fcmplt
                0x080006b8                __aeabi_fcmple
                0x080006cc                __aeabi_fcmpge
                0x080006e0                __aeabi_fcmpgt
 .text          0x080006f4       0x40 C:/ST/STM32CubeIDE_1.19.0/STM32CubeIDE/plugins/com.st.stm32cube.ide.mcu.externaltools.gnu-tools-for-stm32.13.3.rel1.win32_1.0.0.202411081344/tools/bin/../lib/gcc/arm-none-eabi/13.3.1/thumb/v7-m/nofp\libgcc.a(_arm_fixunssfsi.o)
                0x080006f4                __fixunssfsi
                0x080006f4                __aeabi_f2uiz
 *(.text*)
 .text.EncoderInit
                0x08000734       0x20 ./Core/Src/Encoder.o
                0x08000734                EncoderInit
 .text.EncoderRead
                0x08000754       0x18 ./Core/Src/Encoder.o
                0x08000754                EncoderRead
 .text.Motor_Init
                0x0800076c       0x14 ./Core/Src/Motor.o
                0x0800076c                Motor_Init
 .text.SetInPWM
                0x08000780       0x20 ./Core/Src/Motor.o
 .text.MotorForward
                0x080007a0       0x40 ./Core/Src/Motor.o
                0x080007a0                MotorForward
 .text.PID_Init
                0x080007e0       0x2a ./Core/Src/PID.o
                0x080007e0                PID_Init
 .text.PID_Increment
                0x0800080a       0xc2 ./Core/Src/PID.o
                0x0800080a                PID_Increment
 .text.MX_GPIO_Init
                0x080008cc       0xfc ./Core/Src/gpio.o
                0x080008cc                MX_GPIO_Init
 .text.HAL_TIM_PeriodElapsedCallback
                0x080009c8       0xb0 ./Core/Src/main.o
                0x080009c8                HAL_TIM_PeriodElapsedCallback
 .text.main     0x08000a78       0x44 ./Core/Src/main.o
                0x08000a78                main
 .text.SystemClock_Config
                0x08000abc       0x8a ./Core/Src/main.o
                0x08000abc                SystemClock_Config
 .text.Error_Handler
                0x08000b46        0xc ./Core/Src/main.o
                0x08000b46                Error_Handler
 *fill*         0x08000b52        0x2 
 .text.HAL_MspInit
                0x08000b54       0x64 ./Core/Src/stm32f1xx_hal_msp.o
                0x08000b54                HAL_MspInit
 .text.NMI_Handler
                0x08000bb8        0x8 ./Core/Src/stm32f1xx_it.o
                0x08000bb8                NMI_Handler
 .text.HardFault_Handler
                0x08000bc0        0x8 ./Core/Src/stm32f1xx_it.o
                0x08000bc0                HardFault_Handler
 .text.MemManage_Handler
                0x08000bc8        0x8 ./Core/Src/stm32f1xx_it.o
                0x08000bc8                MemManage_Handler
 .text.BusFault_Handler
                0x08000bd0        0x8 ./Core/Src/stm32f1xx_it.o
                0x08000bd0                BusFault_Handler
 .text.UsageFault_Handler
                0x08000bd8        0x8 ./Core/Src/stm32f1xx_it.o
                0x08000bd8                UsageFault_Handler
 .text.SVC_Handler
                0x08000be0        0xc ./Core/Src/stm32f1xx_it.o
                0x08000be0                SVC_Handler
 .text.DebugMon_Handler
                0x08000bec        0xc ./Core/Src/stm32f1xx_it.o
                0x08000bec                DebugMon_Handler
 .text.PendSV_Handler
                0x08000bf8        0xc ./Core/Src/stm32f1xx_it.o
                0x08000bf8                PendSV_Handler
 .text.SysTick_Handler
                0x08000c04        0xc ./Core/Src/stm32f1xx_it.o
                0x08000c04                SysTick_Handler
 .text.EXTI3_IRQHandler
                0x08000c10       0x70 ./Core/Src/stm32f1xx_it.o
                0x08000c10                EXTI3_IRQHandler
 .text.TIM4_IRQHandler
                0x08000c80       0x14 ./Core/Src/stm32f1xx_it.o
                0x08000c80                TIM4_IRQHandler
 .text.SystemInit
                0x08000c94        0xc ./Core/Src/system_stm32f1xx.o
                0x08000c94                SystemInit
 .text.MX_TIM2_Init
                0x08000ca0      0x100 ./Core/Src/tim.o
                0x08000ca0                MX_TIM2_Init
 .text.MX_TIM3_Init
                0x08000da0       0xa8 ./Core/Src/tim.o
                0x08000da0                MX_TIM3_Init
 .text.MX_TIM4_Init
                0x08000e48       0x9c ./Core/Src/tim.o
                0x08000e48                MX_TIM4_Init
 .text.HAL_TIM_Base_MspInit
                0x08000ee4       0x70 ./Core/Src/tim.o
                0x08000ee4                HAL_TIM_Base_MspInit
 .text.HAL_TIM_Encoder_MspInit
                0x08000f54       0x7c ./Core/Src/tim.o
                0x08000f54                HAL_TIM_Encoder_MspInit
 .text.HAL_TIM_MspPostInit
                0x08000fd0       0x60 ./Core/Src/tim.o
                0x08000fd0                HAL_TIM_MspPostInit
 .text.Reset_Handler
                0x08001030       0x48 ./Core/Startup/startup_stm32f103c8tx.o
                0x08001030                Reset_Handler
 .text.Default_Handler
                0x08001078        0x2 ./Core/Startup/startup_stm32f103c8tx.o
                0x08001078                RTC_Alarm_IRQHandler
                0x08001078                EXTI2_IRQHandler
                0x08001078                TIM1_CC_IRQHandler
                0x08001078                PVD_IRQHandler
                0x08001078                EXTI0_IRQHandler
                0x08001078                I2C2_EV_IRQHandler
                0x08001078                ADC1_2_IRQHandler
                0x08001078                SPI1_IRQHandler
                0x08001078                TAMPER_IRQHandler
                0x08001078                DMA1_Channel4_IRQHandler
                0x08001078                USART3_IRQHandler
                0x08001078                RTC_IRQHandler
                0x08001078                DMA1_Channel7_IRQHandler
                0x08001078                CAN1_RX1_IRQHandler
                0x08001078                I2C1_EV_IRQHandler
                0x08001078                DMA1_Channel6_IRQHandler
                0x08001078                TIM3_IRQHandler
                0x08001078                RCC_IRQHandler
                0x08001078                TIM1_TRG_COM_IRQHandler
                0x08001078                DMA1_Channel1_IRQHandler
                0x08001078                Default_Handler
                0x08001078                EXTI15_10_IRQHandler
                0x08001078                EXTI9_5_IRQHandler
                0x08001078                SPI2_IRQHandler
                0x08001078                DMA1_Channel5_IRQHandler
                0x08001078                EXTI4_IRQHandler
                0x08001078                USB_LP_CAN1_RX0_IRQHandler
                0x08001078                USB_HP_CAN1_TX_IRQHandler
                0x08001078                DMA1_Channel3_IRQHandler
                0x08001078                TIM1_UP_IRQHandler
                0x08001078                WWDG_IRQHandler
                0x08001078                TIM2_IRQHandler
                0x08001078                TIM1_BRK_IRQHandler
                0x08001078                EXTI1_IRQHandler
                0x08001078                USART2_IRQHandler
                0x08001078                I2C2_ER_IRQHandler
                0x08001078                DMA1_Channel2_IRQHandler
                0x08001078                CAN1_SCE_IRQHandler
                0x08001078                FLASH_IRQHandler
                0x08001078                USART1_IRQHandler
                0x08001078                I2C1_ER_IRQHandler
                0x08001078                USBWakeUp_IRQHandler
 *fill*         0x0800107a        0x2 
 .text.HAL_Init
                0x0800107c       0x2c ./Drivers/STM32F1xx_HAL_Driver/Src/stm32f1xx_hal.o
                0x0800107c                HAL_Init
 .text.HAL_InitTick
                0x080010a8       0x60 ./Drivers/STM32F1xx_HAL_Driver/Src/stm32f1xx_hal.o
                0x080010a8                HAL_InitTick
 .text.HAL_IncTick
                0x08001108       0x24 ./Drivers/STM32F1xx_HAL_Driver/Src/stm32f1xx_hal.o
                0x08001108                HAL_IncTick
 .text.HAL_GetTick
                0x0800112c       0x14 ./Drivers/STM32F1xx_HAL_Driver/Src/stm32f1xx_hal.o
                0x0800112c                HAL_GetTick
 .text.HAL_Delay
                0x08001140       0x48 ./Drivers/STM32F1xx_HAL_Driver/Src/stm32f1xx_hal.o
                0x08001140                HAL_Delay
 .text.__NVIC_SetPriorityGrouping
                0x08001188       0x48 ./Drivers/STM32F1xx_HAL_Driver/Src/stm32f1xx_hal_cortex.o
 .text.__NVIC_GetPriorityGrouping
                0x080011d0       0x1c ./Drivers/STM32F1xx_HAL_Driver/Src/stm32f1xx_hal_cortex.o
 .text.__NVIC_EnableIRQ
                0x080011ec       0x38 ./Drivers/STM32F1xx_HAL_Driver/Src/stm32f1xx_hal_cortex.o
 .text.__NVIC_SetPriority
                0x08001224       0x54 ./Drivers/STM32F1xx_HAL_Driver/Src/stm32f1xx_hal_cortex.o
 .text.NVIC_EncodePriority
                0x08001278       0x64 ./Drivers/STM32F1xx_HAL_Driver/Src/stm32f1xx_hal_cortex.o
 .text.SysTick_Config
                0x080012dc       0x44 ./Drivers/STM32F1xx_HAL_Driver/Src/stm32f1xx_hal_cortex.o
 .text.HAL_NVIC_SetPriorityGrouping
                0x08001320       0x16 ./Drivers/STM32F1xx_HAL_Driver/Src/stm32f1xx_hal_cortex.o
                0x08001320                HAL_NVIC_SetPriorityGrouping
 .text.HAL_NVIC_SetPriority
                0x08001336       0x38 ./Drivers/STM32F1xx_HAL_Driver/Src/stm32f1xx_hal_cortex.o
                0x08001336                HAL_NVIC_SetPriority
 .text.HAL_NVIC_EnableIRQ
                0x0800136e       0x1c ./Drivers/STM32F1xx_HAL_Driver/Src/stm32f1xx_hal_cortex.o
                0x0800136e                HAL_NVIC_EnableIRQ
 .text.HAL_SYSTICK_Config
                0x0800138a       0x18 ./Drivers/STM32F1xx_HAL_Driver/Src/stm32f1xx_hal_cortex.o
                0x0800138a                HAL_SYSTICK_Config
 *fill*         0x080013a2        0x2 
 .text.HAL_GPIO_Init
                0x080013a4      0x308 ./Drivers/STM32F1xx_HAL_Driver/Src/stm32f1xx_hal_gpio.o
                0x080013a4                HAL_GPIO_Init
 .text.HAL_GPIO_ReadPin
                0x080016ac       0x2e ./Drivers/STM32F1xx_HAL_Driver/Src/stm32f1xx_hal_gpio.o
                0x080016ac                HAL_GPIO_ReadPin
 .text.HAL_GPIO_WritePin
                0x080016da       0x30 ./Drivers/STM32F1xx_HAL_Driver/Src/stm32f1xx_hal_gpio.o
                0x080016da                HAL_GPIO_WritePin
 *fill*         0x0800170a        0x2 
 .text.HAL_GPIO_EXTI_IRQHandler
                0x0800170c       0x30 ./Drivers/STM32F1xx_HAL_Driver/Src/stm32f1xx_hal_gpio.o
                0x0800170c                HAL_GPIO_EXTI_IRQHandler
 .text.HAL_GPIO_EXTI_Callback
                0x0800173c       0x14 ./Drivers/STM32F1xx_HAL_Driver/Src/stm32f1xx_hal_gpio.o
                0x0800173c                HAL_GPIO_EXTI_Callback
 .text.HAL_RCC_OscConfig
                0x08001750      0x504 ./Drivers/STM32F1xx_HAL_Driver/Src/stm32f1xx_hal_rcc.o
                0x08001750                HAL_RCC_OscConfig
 .text.HAL_RCC_ClockConfig
                0x08001c54      0x1d4 ./Drivers/STM32F1xx_HAL_Driver/Src/stm32f1xx_hal_rcc.o
                0x08001c54                HAL_RCC_ClockConfig
 .text.HAL_RCC_GetSysClockFreq
                0x08001e28       0xa8 ./Drivers/STM32F1xx_HAL_Driver/Src/stm32f1xx_hal_rcc.o
                0x08001e28                HAL_RCC_GetSysClockFreq
 .text.RCC_Delay
                0x08001ed0       0x3c ./Drivers/STM32F1xx_HAL_Driver/Src/stm32f1xx_hal_rcc.o
 .text.HAL_TIM_Base_Init
                0x08001f0c       0x9e ./Drivers/STM32F1xx_HAL_Driver/Src/stm32f1xx_hal_tim.o
                0x08001f0c                HAL_TIM_Base_Init
 *fill*         0x08001faa        0x2 
 .text.HAL_TIM_Base_Start_IT
                0x08001fac       0xa4 ./Drivers/STM32F1xx_HAL_Driver/Src/stm32f1xx_hal_tim.o
                0x08001fac                HAL_TIM_Base_Start_IT
 .text.HAL_TIM_PWM_Init
                0x08002050       0x9e ./Drivers/STM32F1xx_HAL_Driver/Src/stm32f1xx_hal_tim.o
                0x08002050                HAL_TIM_PWM_Init
 .text.HAL_TIM_PWM_MspInit
                0x080020ee       0x12 ./Drivers/STM32F1xx_HAL_Driver/Src/stm32f1xx_hal_tim.o
                0x080020ee                HAL_TIM_PWM_MspInit
 .text.HAL_TIM_PWM_Start
                0x08002100      0x144 ./Drivers/STM32F1xx_HAL_Driver/Src/stm32f1xx_hal_tim.o
                0x08002100                HAL_TIM_PWM_Start
 .text.HAL_TIM_Encoder_Init
                0x08002244      0x144 ./Drivers/STM32F1xx_HAL_Driver/Src/stm32f1xx_hal_tim.o
                0x08002244                HAL_TIM_Encoder_Init
 .text.HAL_TIM_Encoder_Start
                0x08002388      0x11c ./Drivers/STM32F1xx_HAL_Driver/Src/stm32f1xx_hal_tim.o
                0x08002388                HAL_TIM_Encoder_Start
 .text.HAL_TIM_IRQHandler
                0x080024a4      0x1e0 ./Drivers/STM32F1xx_HAL_Driver/Src/stm32f1xx_hal_tim.o
                0x080024a4                HAL_TIM_IRQHandler
 .text.HAL_TIM_PWM_ConfigChannel
                0x08002684      0x184 ./Drivers/STM32F1xx_HAL_Driver/Src/stm32f1xx_hal_tim.o
                0x08002684                HAL_TIM_PWM_ConfigChannel
 .text.HAL_TIM_ConfigClockSource
                0x08002808      0x18e ./Drivers/STM32F1xx_HAL_Driver/Src/stm32f1xx_hal_tim.o
                0x08002808                HAL_TIM_ConfigClockSource
 .text.HAL_TIM_OC_DelayElapsedCallback
                0x08002996       0x12 ./Drivers/STM32F1xx_HAL_Driver/Src/stm32f1xx_hal_tim.o
                0x08002996                HAL_TIM_OC_DelayElapsedCallback
 .text.HAL_TIM_IC_CaptureCallback
                0x080029a8       0x12 ./Drivers/STM32F1xx_HAL_Driver/Src/stm32f1xx_hal_tim.o
                0x080029a8                HAL_TIM_IC_CaptureCallback
 .text.HAL_TIM_PWM_PulseFinishedCallback
                0x080029ba       0x12 ./Drivers/STM32F1xx_HAL_Driver/Src/stm32f1xx_hal_tim.o
                0x080029ba                HAL_TIM_PWM_PulseFinishedCallback
 .text.HAL_TIM_TriggerCallback
                0x080029cc       0x12 ./Drivers/STM32F1xx_HAL_Driver/Src/stm32f1xx_hal_tim.o
                0x080029cc                HAL_TIM_TriggerCallback
 *fill*         0x080029de        0x2 
 .text.TIM_Base_SetConfig
                0x080029e0       0xdc ./Drivers/STM32F1xx_HAL_Driver/Src/stm32f1xx_hal_tim.o
                0x080029e0                TIM_Base_SetConfig
 .text.TIM_OC1_SetConfig
                0x08002abc       0xcc ./Drivers/STM32F1xx_HAL_Driver/Src/stm32f1xx_hal_tim.o
 .text.TIM_OC2_SetConfig
                0x08002b88       0xd4 ./Drivers/STM32F1xx_HAL_Driver/Src/stm32f1xx_hal_tim.o
                0x08002b88                TIM_OC2_SetConfig
 .text.TIM_OC3_SetConfig
                0x08002c5c       0xd4 ./Drivers/STM32F1xx_HAL_Driver/Src/stm32f1xx_hal_tim.o
 .text.TIM_OC4_SetConfig
                0x08002d30       0x9c ./Drivers/STM32F1xx_HAL_Driver/Src/stm32f1xx_hal_tim.o
 .text.TIM_TI1_ConfigInputStage
                0x08002dcc       0x5c ./Drivers/STM32F1xx_HAL_Driver/Src/stm32f1xx_hal_tim.o
 .text.TIM_TI2_ConfigInputStage
                0x08002e28       0x5e ./Drivers/STM32F1xx_HAL_Driver/Src/stm32f1xx_hal_tim.o
 .text.TIM_ITRx_SetConfig
                0x08002e86       0x34 ./Drivers/STM32F1xx_HAL_Driver/Src/stm32f1xx_hal_tim.o
 .text.TIM_ETR_SetConfig
                0x08002eba       0x3e ./Drivers/STM32F1xx_HAL_Driver/Src/stm32f1xx_hal_tim.o
                0x08002eba                TIM_ETR_SetConfig
 .text.TIM_CCxChannelCmd
                0x08002ef8       0x48 ./Drivers/STM32F1xx_HAL_Driver/Src/stm32f1xx_hal_tim.o
                0x08002ef8                TIM_CCxChannelCmd
 .text.HAL_TIMEx_MasterConfigSynchronization
                0x08002f40       0xbc ./Drivers/STM32F1xx_HAL_Driver/Src/stm32f1xx_hal_tim_ex.o
                0x08002f40                HAL_TIMEx_MasterConfigSynchronization
 .text.HAL_TIMEx_CommutCallback
                0x08002ffc       0x12 ./Drivers/STM32F1xx_HAL_Driver/Src/stm32f1xx_hal_tim_ex.o
                0x08002ffc                HAL_TIMEx_CommutCallback
 .text.HAL_TIMEx_BreakCallback
                0x0800300e       0x12 ./Drivers/STM32F1xx_HAL_Driver/Src/stm32f1xx_hal_tim_ex.o
                0x0800300e                HAL_TIMEx_BreakCallback
 .text.memset   0x08003020       0x10 C:/ST/STM32CubeIDE_1.19.0/STM32CubeIDE/plugins/com.st.stm32cube.ide.mcu.externaltools.gnu-tools-for-stm32.13.3.rel1.win32_1.0.0.202411081344/tools/bin/../lib/gcc/arm-none-eabi/13.3.1/../../../../arm-none-eabi/lib/thumb/v7-m/nofp\libc_nano.a(libc_a-memset.o)
                0x08003020                memset
 .text.__libc_init_array
                0x08003030       0x48 C:/ST/STM32CubeIDE_1.19.0/STM32CubeIDE/plugins/com.st.stm32cube.ide.mcu.externaltools.gnu-tools-for-stm32.13.3.rel1.win32_1.0.0.202411081344/tools/bin/../lib/gcc/arm-none-eabi/13.3.1/../../../../arm-none-eabi/lib/thumb/v7-m/nofp\libc_nano.a(libc_a-init.o)
                0x08003030                __libc_init_array
 *(.glue_7)
 .glue_7        0x08003078        0x0 linker stubs
 *(.glue_7t)
 .glue_7t       0x08003078        0x0 linker stubs
 *(.eh_frame)
 .eh_frame      0x08003078        0x0 C:/ST/STM32CubeIDE_1.19.0/STM32CubeIDE/plugins/com.st.stm32cube.ide.mcu.externaltools.gnu-tools-for-stm32.13.3.rel1.win32_1.0.0.202411081344/tools/bin/../lib/gcc/arm-none-eabi/13.3.1/thumb/v7-m/nofp/crtbegin.o
 *(.init)
 .init          0x08003078        0x4 C:/ST/STM32CubeIDE_1.19.0/STM32CubeIDE/plugins/com.st.stm32cube.ide.mcu.externaltools.gnu-tools-for-stm32.13.3.rel1.win32_1.0.0.202411081344/tools/bin/../lib/gcc/arm-none-eabi/13.3.1/thumb/v7-m/nofp/crti.o
                0x08003078                _init
 .init          0x0800307c        0x8 C:/ST/STM32CubeIDE_1.19.0/STM32CubeIDE/plugins/com.st.stm32cube.ide.mcu.externaltools.gnu-tools-for-stm32.13.3.rel1.win32_1.0.0.202411081344/tools/bin/../lib/gcc/arm-none-eabi/13.3.1/thumb/v7-m/nofp/crtn.o
 *(.fini)
 .fini          0x08003084        0x4 C:/ST/STM32CubeIDE_1.19.0/STM32CubeIDE/plugins/com.st.stm32cube.ide.mcu.externaltools.gnu-tools-for-stm32.13.3.rel1.win32_1.0.0.202411081344/tools/bin/../lib/gcc/arm-none-eabi/13.3.1/thumb/v7-m/nofp/crti.o
                0x08003084                _fini
 .fini          0x08003088        0x8 C:/ST/STM32CubeIDE_1.19.0/STM32CubeIDE/plugins/com.st.stm32cube.ide.mcu.externaltools.gnu-tools-for-stm32.13.3.rel1.win32_1.0.0.202411081344/tools/bin/../lib/gcc/arm-none-eabi/13.3.1/thumb/v7-m/nofp/crtn.o
                0x08003090                        . = ALIGN (0x4)
                0x08003090                        _etext = .

.vfp11_veneer   0x08003090        0x0
 .vfp11_veneer  0x08003090        0x0 linker stubs

.v4_bx          0x08003090        0x0
 .v4_bx         0x08003090        0x0 linker stubs

.iplt           0x08003090        0x0
 .iplt          0x08003090        0x0 C:/ST/STM32CubeIDE_1.19.0/STM32CubeIDE/plugins/com.st.stm32cube.ide.mcu.externaltools.gnu-tools-for-stm32.13.3.rel1.win32_1.0.0.202411081344/tools/bin/../lib/gcc/arm-none-eabi/13.3.1/thumb/v7-m/nofp/crtbegin.o

.rodata         0x08003090       0x24
                0x08003090                        . = ALIGN (0x4)
 *(.rodata)
 *(.rodata*)
 .rodata.AHBPrescTable
                0x08003090       0x10 ./Core/Src/system_stm32f1xx.o
                0x08003090                AHBPrescTable
 .rodata.aPLLMULFactorTable.1
                0x080030a0       0x10 ./Drivers/STM32F1xx_HAL_Driver/Src/stm32f1xx_hal_rcc.o
 .rodata.aPredivFactorTable.0
                0x080030b0        0x2 ./Drivers/STM32F1xx_HAL_Driver/Src/stm32f1xx_hal_rcc.o
                0x080030b4                        . = ALIGN (0x4)
 *fill*         0x080030b2        0x2 

.ARM.extab      0x080030b4        0x0
                0x080030b4                        . = ALIGN (0x4)
 *(.ARM.extab* .gnu.linkonce.armextab.*)
                0x080030b4                        . = ALIGN (0x4)

.ARM            0x080030b4        0x0
                0x080030b4                        . = ALIGN (0x4)
                0x080030b4                        __exidx_start = .
 *(.ARM.exidx*)
                0x080030b4                        __exidx_end = .
                0x080030b4                        . = ALIGN (0x4)

.preinit_array  0x080030b4        0x0
                0x080030b4                        . = ALIGN (0x4)
                0x080030b4                        PROVIDE (__preinit_array_start = .)
 *(.preinit_array*)
                0x080030b4                        PROVIDE (__preinit_array_end = .)
                0x080030b4                        . = ALIGN (0x4)

.init_array     0x080030b4        0x4
                0x080030b4                        . = ALIGN (0x4)
                0x080030b4                        PROVIDE (__init_array_start = .)
 *(SORT_BY_NAME(.init_array.*))
 *(.init_array*)
 .init_array    0x080030b4        0x4 C:/ST/STM32CubeIDE_1.19.0/STM32CubeIDE/plugins/com.st.stm32cube.ide.mcu.externaltools.gnu-tools-for-stm32.13.3.rel1.win32_1.0.0.202411081344/tools/bin/../lib/gcc/arm-none-eabi/13.3.1/thumb/v7-m/nofp/crtbegin.o
                0x080030b8                        PROVIDE (__init_array_end = .)
                0x080030b8                        . = ALIGN (0x4)

.fini_array     0x080030b8        0x4
                0x080030b8                        . = ALIGN (0x4)
                [!provide]                        PROVIDE (__fini_array_start = .)
 *(SORT_BY_NAME(.fini_array.*))
 *(.fini_array*)
 .fini_array    0x080030b8        0x4 C:/ST/STM32CubeIDE_1.19.0/STM32CubeIDE/plugins/com.st.stm32cube.ide.mcu.externaltools.gnu-tools-for-stm32.13.3.rel1.win32_1.0.0.202411081344/tools/bin/../lib/gcc/arm-none-eabi/13.3.1/thumb/v7-m/nofp/crtbegin.o
                [!provide]                        PROVIDE (__fini_array_end = .)
                0x080030bc                        . = ALIGN (0x4)
                0x080030bc                        _sidata = LOADADDR (.data)

.rel.dyn        0x080030bc        0x0
 .rel.iplt      0x080030bc        0x0 C:/ST/STM32CubeIDE_1.19.0/STM32CubeIDE/plugins/com.st.stm32cube.ide.mcu.externaltools.gnu-tools-for-stm32.13.3.rel1.win32_1.0.0.202411081344/tools/bin/../lib/gcc/arm-none-eabi/13.3.1/thumb/v7-m/nofp/crtbegin.o

.data           0x20000000       0x10 load address 0x080030bc
                0x20000000                        . = ALIGN (0x4)
                0x20000000                        _sdata = .
 *(.data)
 *(.data*)
 .data.aim_rps  0x20000000        0x4 ./Core/Src/main.o
                0x20000000                aim_rps
 .data.SystemCoreClock
                0x20000004        0x4 ./Core/Src/system_stm32f1xx.o
                0x20000004                SystemCoreClock
 .data.uwTickPrio
                0x20000008        0x4 ./Drivers/STM32F1xx_HAL_Driver/Src/stm32f1xx_hal.o
                0x20000008                uwTickPrio
 .data.uwTickFreq
                0x2000000c        0x1 ./Drivers/STM32F1xx_HAL_Driver/Src/stm32f1xx_hal.o
                0x2000000c                uwTickFreq
 *(.RamFunc)
 *(.RamFunc*)
                0x20000010                        . = ALIGN (0x4)
 *fill*         0x2000000d        0x3 
                0x20000010                        _edata = .

.igot.plt       0x20000010        0x0 load address 0x080030cc
 .igot.plt      0x20000010        0x0 C:/ST/STM32CubeIDE_1.19.0/STM32CubeIDE/plugins/com.st.stm32cube.ide.mcu.externaltools.gnu-tools-for-stm32.13.3.rel1.win32_1.0.0.202411081344/tools/bin/../lib/gcc/arm-none-eabi/13.3.1/thumb/v7-m/nofp/crtbegin.o
                0x20000010                        . = ALIGN (0x4)

.bss            0x20000010      0x120 load address 0x080030cc
                0x20000010                        _sbss = .
                0x20000010                        __bss_start__ = _sbss
 *(.bss)
 .bss           0x20000010       0x1c C:/ST/STM32CubeIDE_1.19.0/STM32CubeIDE/plugins/com.st.stm32cube.ide.mcu.externaltools.gnu-tools-for-stm32.13.3.rel1.win32_1.0.0.202411081344/tools/bin/../lib/gcc/arm-none-eabi/13.3.1/thumb/v7-m/nofp/crtbegin.o
 *(.bss*)
 .bss.encoder_speed
                0x2000002c        0x4 ./Core/Src/main.o
                0x2000002c                encoder_speed
 .bss.motor_rps
                0x20000030        0x4 ./Core/Src/main.o
                0x20000030                motor_rps
 .bss.output    0x20000034        0x4 ./Core/Src/main.o
                0x20000034                output
 .bss.mypid     0x20000038       0x18 ./Core/Src/main.o
                0x20000038                mypid
 .bss.LastCount.0
                0x20000050        0x2 ./Core/Src/main.o
 *fill*         0x20000052        0x2 
 .bss.htim2     0x20000054       0x48 ./Core/Src/tim.o
                0x20000054                htim2
 .bss.htim3     0x2000009c       0x48 ./Core/Src/tim.o
                0x2000009c                htim3
 .bss.htim4     0x200000e4       0x48 ./Core/Src/tim.o
                0x200000e4                htim4
 .bss.uwTick    0x2000012c        0x4 ./Drivers/STM32F1xx_HAL_Driver/Src/stm32f1xx_hal.o
                0x2000012c                uwTick
 *(COMMON)
                0x20000130                        . = ALIGN (0x4)
                0x20000130                        _ebss = .
                0x20000130                        __bss_end__ = _ebss

._user_heap_stack
                0x20000130      0x600 load address 0x080030cc
                0x20000130                        . = ALIGN (0x8)
                [!provide]                        PROVIDE (end = .)
                0x20000130                        PROVIDE (_end = .)
                0x20000330                        . = (. + _Min_Heap_Size)
 *fill*         0x20000130      0x200 
                0x20000730                        . = (. + _Min_Stack_Size)
 *fill*         0x20000330      0x400 
                0x20000730                        . = ALIGN (0x8)

/DISCARD/
 libc.a(*)
 libm.a(*)
 libgcc.a(*)

.ARM.attributes
                0x00000000       0x29
 *(.ARM.attributes)
 .ARM.attributes
                0x00000000       0x1d C:/ST/STM32CubeIDE_1.19.0/STM32CubeIDE/plugins/com.st.stm32cube.ide.mcu.externaltools.gnu-tools-for-stm32.13.3.rel1.win32_1.0.0.202411081344/tools/bin/../lib/gcc/arm-none-eabi/13.3.1/thumb/v7-m/nofp/crti.o
 .ARM.attributes
                0x0000001d       0x2d C:/ST/STM32CubeIDE_1.19.0/STM32CubeIDE/plugins/com.st.stm32cube.ide.mcu.externaltools.gnu-tools-for-stm32.13.3.rel1.win32_1.0.0.202411081344/tools/bin/../lib/gcc/arm-none-eabi/13.3.1/thumb/v7-m/nofp/crtbegin.o
 .ARM.attributes
                0x0000004a       0x2d ./Core/Src/Encoder.o
 .ARM.attributes
                0x00000077       0x2d ./Core/Src/Motor.o
 .ARM.attributes
                0x000000a4       0x2d ./Core/Src/PID.o
 .ARM.attributes
                0x000000d1       0x2d ./Core/Src/gpio.o
 .ARM.attributes
                0x000000fe       0x2d ./Core/Src/main.o
 .ARM.attributes
                0x0000012b       0x2d ./Core/Src/stm32f1xx_hal_msp.o
 .ARM.attributes
                0x00000158       0x2d ./Core/Src/stm32f1xx_it.o
 .ARM.attributes
                0x00000185       0x2d ./Core/Src/system_stm32f1xx.o
 .ARM.attributes
                0x000001b2       0x2d ./Core/Src/tim.o
 .ARM.attributes
                0x000001df       0x21 ./Core/Startup/startup_stm32f103c8tx.o
 .ARM.attributes
                0x00000200       0x2d ./Drivers/STM32F1xx_HAL_Driver/Src/stm32f1xx_hal.o
 .ARM.attributes
                0x0000022d       0x2d ./Drivers/STM32F1xx_HAL_Driver/Src/stm32f1xx_hal_cortex.o
 .ARM.attributes
                0x0000025a       0x2d ./Drivers/STM32F1xx_HAL_Driver/Src/stm32f1xx_hal_gpio.o
 .ARM.attributes
                0x00000287       0x2d ./Drivers/STM32F1xx_HAL_Driver/Src/stm32f1xx_hal_rcc.o
 .ARM.attributes
                0x000002b4       0x2d ./Drivers/STM32F1xx_HAL_Driver/Src/stm32f1xx_hal_tim.o
 .ARM.attributes
                0x000002e1       0x2d ./Drivers/STM32F1xx_HAL_Driver/Src/stm32f1xx_hal_tim_ex.o
 .ARM.attributes
                0x0000030e       0x2d C:/ST/STM32CubeIDE_1.19.0/STM32CubeIDE/plugins/com.st.stm32cube.ide.mcu.externaltools.gnu-tools-for-stm32.13.3.rel1.win32_1.0.0.202411081344/tools/bin/../lib/gcc/arm-none-eabi/13.3.1/../../../../arm-none-eabi/lib/thumb/v7-m/nofp\libc_nano.a(libc_a-memset.o)
 .ARM.attributes
                0x0000033b       0x2d C:/ST/STM32CubeIDE_1.19.0/STM32CubeIDE/plugins/com.st.stm32cube.ide.mcu.externaltools.gnu-tools-for-stm32.13.3.rel1.win32_1.0.0.202411081344/tools/bin/../lib/gcc/arm-none-eabi/13.3.1/../../../../arm-none-eabi/lib/thumb/v7-m/nofp\libc_nano.a(libc_a-init.o)
 .ARM.attributes
                0x00000368       0x1d C:/ST/STM32CubeIDE_1.19.0/STM32CubeIDE/plugins/com.st.stm32cube.ide.mcu.externaltools.gnu-tools-for-stm32.13.3.rel1.win32_1.0.0.202411081344/tools/bin/../lib/gcc/arm-none-eabi/13.3.1/thumb/v7-m/nofp\libgcc.a(_arm_addsubsf3.o)
 .ARM.attributes
                0x00000385       0x1d C:/ST/STM32CubeIDE_1.19.0/STM32CubeIDE/plugins/com.st.stm32cube.ide.mcu.externaltools.gnu-tools-for-stm32.13.3.rel1.win32_1.0.0.202411081344/tools/bin/../lib/gcc/arm-none-eabi/13.3.1/thumb/v7-m/nofp\libgcc.a(_arm_muldivsf3.o)
 .ARM.attributes
                0x000003a2       0x1d C:/ST/STM32CubeIDE_1.19.0/STM32CubeIDE/plugins/com.st.stm32cube.ide.mcu.externaltools.gnu-tools-for-stm32.13.3.rel1.win32_1.0.0.202411081344/tools/bin/../lib/gcc/arm-none-eabi/13.3.1/thumb/v7-m/nofp\libgcc.a(_arm_cmpsf2.o)
 .ARM.attributes
                0x000003bf       0x1d C:/ST/STM32CubeIDE_1.19.0/STM32CubeIDE/plugins/com.st.stm32cube.ide.mcu.externaltools.gnu-tools-for-stm32.13.3.rel1.win32_1.0.0.202411081344/tools/bin/../lib/gcc/arm-none-eabi/13.3.1/thumb/v7-m/nofp\libgcc.a(_arm_fixunssfsi.o)
 .ARM.attributes
                0x000003dc       0x1d C:/ST/STM32CubeIDE_1.19.0/STM32CubeIDE/plugins/com.st.stm32cube.ide.mcu.externaltools.gnu-tools-for-stm32.13.3.rel1.win32_1.0.0.202411081344/tools/bin/../lib/gcc/arm-none-eabi/13.3.1/thumb/v7-m/nofp/crtn.o
OUTPUT(MotorPID.elf elf32-littlearm)
LOAD linker stubs
LOAD C:/ST/STM32CubeIDE_1.19.0/STM32CubeIDE/plugins/com.st.stm32cube.ide.mcu.externaltools.gnu-tools-for-stm32.13.3.rel1.win32_1.0.0.202411081344/tools/bin/../lib/gcc/arm-none-eabi/13.3.1/../../../../arm-none-eabi/lib/thumb/v7-m/nofp\libc.a
LOAD C:/ST/STM32CubeIDE_1.19.0/STM32CubeIDE/plugins/com.st.stm32cube.ide.mcu.externaltools.gnu-tools-for-stm32.13.3.rel1.win32_1.0.0.202411081344/tools/bin/../lib/gcc/arm-none-eabi/13.3.1/../../../../arm-none-eabi/lib/thumb/v7-m/nofp\libm.a
LOAD C:/ST/STM32CubeIDE_1.19.0/STM32CubeIDE/plugins/com.st.stm32cube.ide.mcu.externaltools.gnu-tools-for-stm32.13.3.rel1.win32_1.0.0.202411081344/tools/bin/../lib/gcc/arm-none-eabi/13.3.1/thumb/v7-m/nofp\libgcc.a

.debug_info     0x00000000     0x94d1
 .debug_info    0x00000000      0x68c ./Core/Src/Encoder.o
 .debug_info    0x0000068c      0x792 ./Core/Src/Motor.o
 .debug_info    0x00000e1e      0x1aa ./Core/Src/PID.o
 .debug_info    0x00000fc8      0x432 ./Core/Src/gpio.o
 .debug_info    0x000013fa      0xa07 ./Core/Src/main.o
 .debug_info    0x00001e01      0x1f1 ./Core/Src/stm32f1xx_hal_msp.o
 .debug_info    0x00001ff2      0x7ea ./Core/Src/stm32f1xx_it.o
 .debug_info    0x000027dc      0x222 ./Core/Src/system_stm32f1xx.o
 .debug_info    0x000029fe      0xda4 ./Core/Src/tim.o
 .debug_info    0x000037a2       0x30 ./Core/Startup/startup_stm32f103c8tx.o
 .debug_info    0x000037d2      0x704 ./Drivers/STM32F1xx_HAL_Driver/Src/stm32f1xx_hal.o
 .debug_info    0x00003ed6      0xa87 ./Drivers/STM32F1xx_HAL_Driver/Src/stm32f1xx_hal_cortex.o
 .debug_info    0x0000495d      0x5ab ./Drivers/STM32F1xx_HAL_Driver/Src/stm32f1xx_hal_gpio.o
 .debug_info    0x00004f08      0x7d5 ./Drivers/STM32F1xx_HAL_Driver/Src/stm32f1xx_hal_rcc.o
 .debug_info    0x000056dd     0x2959 ./Drivers/STM32F1xx_HAL_Driver/Src/stm32f1xx_hal_tim.o
 .debug_info    0x00008036     0x149b ./Drivers/STM32F1xx_HAL_Driver/Src/stm32f1xx_hal_tim_ex.o

.debug_abbrev   0x00000000     0x1d20
 .debug_abbrev  0x00000000      0x17e ./Core/Src/Encoder.o
 .debug_abbrev  0x0000017e      0x1be ./Core/Src/Motor.o
 .debug_abbrev  0x0000033c       0xfb ./Core/Src/PID.o
 .debug_abbrev  0x00000437      0x161 ./Core/Src/gpio.o
 .debug_abbrev  0x00000598      0x296 ./Core/Src/main.o
 .debug_abbrev  0x0000082e       0xdb ./Core/Src/stm32f1xx_hal_msp.o
 .debug_abbrev  0x00000909      0x1d1 ./Core/Src/stm32f1xx_it.o
 .debug_abbrev  0x00000ada      0x13f ./Core/Src/system_stm32f1xx.o
 .debug_abbrev  0x00000c19      0x274 ./Core/Src/tim.o
 .debug_abbrev  0x00000e8d       0x24 ./Core/Startup/startup_stm32f103c8tx.o
 .debug_abbrev  0x00000eb1      0x201 ./Drivers/STM32F1xx_HAL_Driver/Src/stm32f1xx_hal.o
 .debug_abbrev  0x000010b2      0x2f8 ./Drivers/STM32F1xx_HAL_Driver/Src/stm32f1xx_hal_cortex.o
 .debug_abbrev  0x000013aa      0x1ca ./Drivers/STM32F1xx_HAL_Driver/Src/stm32f1xx_hal_gpio.o
 .debug_abbrev  0x00001574      0x2b3 ./Drivers/STM32F1xx_HAL_Driver/Src/stm32f1xx_hal_rcc.o
 .debug_abbrev  0x00001827      0x277 ./Drivers/STM32F1xx_HAL_Driver/Src/stm32f1xx_hal_tim.o
 .debug_abbrev  0x00001a9e      0x282 ./Drivers/STM32F1xx_HAL_Driver/Src/stm32f1xx_hal_tim_ex.o

.debug_aranges  0x00000000      0xa18
 .debug_aranges
                0x00000000       0x28 ./Core/Src/Encoder.o
 .debug_aranges
                0x00000028       0x38 ./Core/Src/Motor.o
 .debug_aranges
                0x00000060       0x28 ./Core/Src/PID.o
 .debug_aranges
                0x00000088       0x20 ./Core/Src/gpio.o
 .debug_aranges
                0x000000a8       0x38 ./Core/Src/main.o
 .debug_aranges
                0x000000e0       0x20 ./Core/Src/stm32f1xx_hal_msp.o
 .debug_aranges
                0x00000100       0x70 ./Core/Src/stm32f1xx_it.o
 .debug_aranges
                0x00000170       0x28 ./Core/Src/system_stm32f1xx.o
 .debug_aranges
                0x00000198       0x58 ./Core/Src/tim.o
 .debug_aranges
                0x000001f0       0x28 ./Core/Startup/startup_stm32f103c8tx.o
 .debug_aranges
                0x00000218       0xe0 ./Drivers/STM32F1xx_HAL_Driver/Src/stm32f1xx_hal.o
 .debug_aranges
                0x000002f8      0x100 ./Drivers/STM32F1xx_HAL_Driver/Src/stm32f1xx_hal_cortex.o
 .debug_aranges
                0x000003f8       0x58 ./Drivers/STM32F1xx_HAL_Driver/Src/stm32f1xx_hal_gpio.o
 .debug_aranges
                0x00000450       0x90 ./Drivers/STM32F1xx_HAL_Driver/Src/stm32f1xx_hal_rcc.o
 .debug_aranges
                0x000004e0      0x3d0 ./Drivers/STM32F1xx_HAL_Driver/Src/stm32f1xx_hal_tim.o
 .debug_aranges
                0x000008b0      0x168 ./Drivers/STM32F1xx_HAL_Driver/Src/stm32f1xx_hal_tim_ex.o

.debug_rnglists
                0x00000000      0x7b0
 .debug_rnglists
                0x00000000       0x19 ./Core/Src/Encoder.o
 .debug_rnglists
                0x00000019       0x25 ./Core/Src/Motor.o
 .debug_rnglists
                0x0000003e       0x1a ./Core/Src/PID.o
 .debug_rnglists
                0x00000058       0x14 ./Core/Src/gpio.o
 .debug_rnglists
                0x0000006c       0x27 ./Core/Src/main.o
 .debug_rnglists
                0x00000093       0x13 ./Core/Src/stm32f1xx_hal_msp.o
 .debug_rnglists
                0x000000a6       0x4f ./Core/Src/stm32f1xx_it.o
 .debug_rnglists
                0x000000f5       0x1a ./Core/Src/system_stm32f1xx.o
 .debug_rnglists
                0x0000010f       0x40 ./Core/Src/tim.o
 .debug_rnglists
                0x0000014f       0x19 ./Core/Startup/startup_stm32f103c8tx.o
 .debug_rnglists
                0x00000168       0xa3 ./Drivers/STM32F1xx_HAL_Driver/Src/stm32f1xx_hal.o
 .debug_rnglists
                0x0000020b       0xbb ./Drivers/STM32F1xx_HAL_Driver/Src/stm32f1xx_hal_cortex.o
 .debug_rnglists
                0x000002c6       0x3f ./Drivers/STM32F1xx_HAL_Driver/Src/stm32f1xx_hal_gpio.o
 .debug_rnglists
                0x00000305       0x6c ./Drivers/STM32F1xx_HAL_Driver/Src/stm32f1xx_hal_rcc.o
 .debug_rnglists
                0x00000371      0x31a ./Drivers/STM32F1xx_HAL_Driver/Src/stm32f1xx_hal_tim.o
 .debug_rnglists
                0x0000068b      0x125 ./Drivers/STM32F1xx_HAL_Driver/Src/stm32f1xx_hal_tim_ex.o

.debug_macro    0x00000000    0x1796d
 .debug_macro   0x00000000      0x1c0 ./Core/Src/Encoder.o
 .debug_macro   0x000001c0      0xacc ./Core/Src/Encoder.o
 .debug_macro   0x00000c8c       0x22 ./Core/Src/Encoder.o
 .debug_macro   0x00000cae       0x8e ./Core/Src/Encoder.o
 .debug_macro   0x00000d3c       0x51 ./Core/Src/Encoder.o
 .debug_macro   0x00000d8d      0x103 ./Core/Src/Encoder.o
 .debug_macro   0x00000e90       0x6a ./Core/Src/Encoder.o
 .debug_macro   0x00000efa      0x1df ./Core/Src/Encoder.o
 .debug_macro   0x000010d9      0x215 ./Core/Src/Encoder.o
 .debug_macro   0x000012ee       0x2e ./Core/Src/Encoder.o
 .debug_macro   0x0000131c       0x22 ./Core/Src/Encoder.o
 .debug_macro   0x0000133e       0x1c ./Core/Src/Encoder.o
 .debug_macro   0x0000135a       0x22 ./Core/Src/Encoder.o
 .debug_macro   0x0000137c       0xbd ./Core/Src/Encoder.o
 .debug_macro   0x00001439      0xd23 ./Core/Src/Encoder.o
 .debug_macro   0x0000215c     0xe09e ./Core/Src/Encoder.o
 .debug_macro   0x000101fa       0x6d ./Core/Src/Encoder.o
 .debug_macro   0x00010267     0x34a2 ./Core/Src/Encoder.o
 .debug_macro   0x00013709      0x190 ./Core/Src/Encoder.o
 .debug_macro   0x00013899       0x5c ./Core/Src/Encoder.o
 .debug_macro   0x000138f5      0x5bc ./Core/Src/Encoder.o
 .debug_macro   0x00013eb1      0x289 ./Core/Src/Encoder.o
 .debug_macro   0x0001413a      0x1cb ./Core/Src/Encoder.o
 .debug_macro   0x00014305      0x114 ./Core/Src/Encoder.o
 .debug_macro   0x00014419      0x1b2 ./Core/Src/Encoder.o
 .debug_macro   0x000145cb       0x27 ./Core/Src/Encoder.o
 .debug_macro   0x000145f2      0x136 ./Core/Src/Encoder.o
 .debug_macro   0x00014728      0x1bc ./Core/Src/Encoder.o
 .debug_macro   0x000148e4       0x34 ./Core/Src/Encoder.o
 .debug_macro   0x00014918       0x3c ./Core/Src/Encoder.o
 .debug_macro   0x00014954       0x57 ./Core/Src/Encoder.o
 .debug_macro   0x000149ab       0x87 ./Core/Src/Encoder.o
 .debug_macro   0x00014a32      0x240 ./Core/Src/Encoder.o
 .debug_macro   0x00014c72      0x140 ./Core/Src/Encoder.o
 .debug_macro   0x00014db2      0x8ed ./Core/Src/Encoder.o
 .debug_macro   0x0001569f       0x83 ./Core/Src/Encoder.o
 .debug_macro   0x00015722       0x3a ./Core/Src/Encoder.o
 .debug_macro   0x0001575c      0x1c6 ./Core/Src/Motor.o
 .debug_macro   0x00015922      0x266 ./Core/Src/PID.o
 .debug_macro   0x00015b88       0x22 ./Core/Src/PID.o
 .debug_macro   0x00015baa       0x61 ./Core/Src/PID.o
 .debug_macro   0x00015c0b       0x24 ./Core/Src/PID.o
 .debug_macro   0x00015c2f       0x43 ./Core/Src/PID.o
 .debug_macro   0x00015c72       0x34 ./Core/Src/PID.o
 .debug_macro   0x00015ca6      0x370 ./Core/Src/PID.o
 .debug_macro   0x00016016       0x16 ./Core/Src/PID.o
 .debug_macro   0x0001602c       0x4a ./Core/Src/PID.o
 .debug_macro   0x00016076       0x34 ./Core/Src/PID.o
 .debug_macro   0x000160aa       0x10 ./Core/Src/PID.o
 .debug_macro   0x000160ba       0x58 ./Core/Src/PID.o
 .debug_macro   0x00016112       0x8e ./Core/Src/PID.o
 .debug_macro   0x000161a0       0x1c ./Core/Src/PID.o
 .debug_macro   0x000161bc      0x185 ./Core/Src/PID.o
 .debug_macro   0x00016341      0x19b ./Core/Src/PID.o
 .debug_macro   0x000164dc      0x1b2 ./Core/Src/gpio.o
 .debug_macro   0x0001668e      0x1e9 ./Core/Src/main.o
 .debug_macro   0x00016877       0x10 ./Core/Src/main.o
 .debug_macro   0x00016887      0x1a8 ./Core/Src/stm32f1xx_hal_msp.o
 .debug_macro   0x00016a2f      0x1bb ./Core/Src/stm32f1xx_it.o
 .debug_macro   0x00016bea      0x199 ./Core/Src/system_stm32f1xx.o
 .debug_macro   0x00016d83      0x1b2 ./Core/Src/tim.o
 .debug_macro   0x00016f35      0x1bd ./Drivers/STM32F1xx_HAL_Driver/Src/stm32f1xx_hal.o
 .debug_macro   0x000170f2      0x199 ./Drivers/STM32F1xx_HAL_Driver/Src/stm32f1xx_hal_cortex.o
 .debug_macro   0x0001728b      0x204 ./Drivers/STM32F1xx_HAL_Driver/Src/stm32f1xx_hal_gpio.o
 .debug_macro   0x0001748f      0x1ab ./Drivers/STM32F1xx_HAL_Driver/Src/stm32f1xx_hal_rcc.o
 .debug_macro   0x0001763a      0x19a ./Drivers/STM32F1xx_HAL_Driver/Src/stm32f1xx_hal_tim.o
 .debug_macro   0x000177d4      0x199 ./Drivers/STM32F1xx_HAL_Driver/Src/stm32f1xx_hal_tim_ex.o

.debug_line     0x00000000     0xbf3a
 .debug_line    0x00000000      0x70a ./Core/Src/Encoder.o
 .debug_line    0x0000070a      0x740 ./Core/Src/Motor.o
 .debug_line    0x00000e4a      0x87d ./Core/Src/PID.o
 .debug_line    0x000016c7      0x70e ./Core/Src/gpio.o
 .debug_line    0x00001dd5      0x7cb ./Core/Src/main.o
 .debug_line    0x000025a0      0x6e5 ./Core/Src/stm32f1xx_hal_msp.o
 .debug_line    0x00002c85      0x7ec ./Core/Src/stm32f1xx_it.o
 .debug_line    0x00003471      0x763 ./Core/Src/system_stm32f1xx.o
 .debug_line    0x00003bd4      0x8e4 ./Core/Src/tim.o
 .debug_line    0x000044b8       0x78 ./Core/Startup/startup_stm32f103c8tx.o
 .debug_line    0x00004530      0x994 ./Drivers/STM32F1xx_HAL_Driver/Src/stm32f1xx_hal.o
 .debug_line    0x00004ec4      0xb5e ./Drivers/STM32F1xx_HAL_Driver/Src/stm32f1xx_hal_cortex.o
 .debug_line    0x00005a22      0x9f1 ./Drivers/STM32F1xx_HAL_Driver/Src/stm32f1xx_hal_gpio.o
 .debug_line    0x00006413      0xe4d ./Drivers/STM32F1xx_HAL_Driver/Src/stm32f1xx_hal_rcc.o
 .debug_line    0x00007260     0x3482 ./Drivers/STM32F1xx_HAL_Driver/Src/stm32f1xx_hal_tim.o
 .debug_line    0x0000a6e2     0x1858 ./Drivers/STM32F1xx_HAL_Driver/Src/stm32f1xx_hal_tim_ex.o

.debug_str      0x00000000    0x87e9d
 .debug_str     0x00000000    0x87e9d ./Core/Src/Encoder.o
                              0x820ba (size before relaxing)
 .debug_str     0x00087e9d    0x8212b ./Core/Src/Motor.o
 .debug_str     0x00087e9d    0x85580 ./Core/Src/PID.o
 .debug_str     0x00087e9d    0x81f58 ./Core/Src/gpio.o
 .debug_str     0x00087e9d    0x823a0 ./Core/Src/main.o
 .debug_str     0x00087e9d    0x81bd9 ./Core/Src/stm32f1xx_hal_msp.o
 .debug_str     0x00087e9d    0x821ba ./Core/Src/stm32f1xx_it.o
 .debug_str     0x00087e9d    0x81b33 ./Core/Src/system_stm32f1xx.o
 .debug_str     0x00087e9d    0x82728 ./Core/Src/tim.o
 .debug_str     0x00087e9d       0x5c ./Core/Startup/startup_stm32f103c8tx.o
 .debug_str     0x00087e9d    0x82266 ./Drivers/STM32F1xx_HAL_Driver/Src/stm32f1xx_hal.o
 .debug_str     0x00087e9d    0x821b2 ./Drivers/STM32F1xx_HAL_Driver/Src/stm32f1xx_hal_cortex.o
 .debug_str     0x00087e9d    0x81eb9 ./Drivers/STM32F1xx_HAL_Driver/Src/stm32f1xx_hal_gpio.o
 .debug_str     0x00087e9d    0x81f62 ./Drivers/STM32F1xx_HAL_Driver/Src/stm32f1xx_hal_rcc.o
 .debug_str     0x00087e9d    0x82f64 ./Drivers/STM32F1xx_HAL_Driver/Src/stm32f1xx_hal_tim.o
 .debug_str     0x00087e9d    0x82770 ./Drivers/STM32F1xx_HAL_Driver/Src/stm32f1xx_hal_tim_ex.o

.comment        0x00000000       0x43
 .comment       0x00000000       0x43 ./Core/Src/Encoder.o
                                 0x44 (size before relaxing)
 .comment       0x00000043       0x44 ./Core/Src/Motor.o
 .comment       0x00000043       0x44 ./Core/Src/PID.o
 .comment       0x00000043       0x44 ./Core/Src/gpio.o
 .comment       0x00000043       0x44 ./Core/Src/main.o
 .comment       0x00000043       0x44 ./Core/Src/stm32f1xx_hal_msp.o
 .comment       0x00000043       0x44 ./Core/Src/stm32f1xx_it.o
 .comment       0x00000043       0x44 ./Core/Src/system_stm32f1xx.o
 .comment       0x00000043       0x44 ./Core/Src/tim.o
 .comment       0x00000043       0x44 ./Drivers/STM32F1xx_HAL_Driver/Src/stm32f1xx_hal.o
 .comment       0x00000043       0x44 ./Drivers/STM32F1xx_HAL_Driver/Src/stm32f1xx_hal_cortex.o
 .comment       0x00000043       0x44 ./Drivers/STM32F1xx_HAL_Driver/Src/stm32f1xx_hal_gpio.o
 .comment       0x00000043       0x44 ./Drivers/STM32F1xx_HAL_Driver/Src/stm32f1xx_hal_rcc.o
 .comment       0x00000043       0x44 ./Drivers/STM32F1xx_HAL_Driver/Src/stm32f1xx_hal_tim.o
 .comment       0x00000043       0x44 ./Drivers/STM32F1xx_HAL_Driver/Src/stm32f1xx_hal_tim_ex.o

.debug_frame    0x00000000     0x2970
 .debug_frame   0x00000000       0x4c ./Core/Src/Encoder.o
 .debug_frame   0x0000004c       0x9c ./Core/Src/Motor.o
 .debug_frame   0x000000e8       0x60 ./Core/Src/PID.o
 .debug_frame   0x00000148       0x34 ./Core/Src/gpio.o
 .debug_frame   0x0000017c       0x8c ./Core/Src/main.o
 .debug_frame   0x00000208       0x38 ./Core/Src/stm32f1xx_hal_msp.o
 .debug_frame   0x00000240      0x13c ./Core/Src/stm32f1xx_it.o
 .debug_frame   0x0000037c       0x58 ./Core/Src/system_stm32f1xx.o
 .debug_frame   0x000003d4      0x130 ./Core/Src/tim.o
 .debug_frame   0x00000504      0x334 ./Drivers/STM32F1xx_HAL_Driver/Src/stm32f1xx_hal.o
 .debug_frame   0x00000838      0x428 ./Drivers/STM32F1xx_HAL_Driver/Src/stm32f1xx_hal_cortex.o
 .debug_frame   0x00000c60      0x14c ./Drivers/STM32F1xx_HAL_Driver/Src/stm32f1xx_hal_gpio.o
 .debug_frame   0x00000dac      0x218 ./Drivers/STM32F1xx_HAL_Driver/Src/stm32f1xx_hal_rcc.o
 .debug_frame   0x00000fc4     0x11b8 ./Drivers/STM32F1xx_HAL_Driver/Src/stm32f1xx_hal_tim.o
 .debug_frame   0x0000217c      0x638 ./Drivers/STM32F1xx_HAL_Driver/Src/stm32f1xx_hal_tim_ex.o
 .debug_frame   0x000027b4       0x20 C:/ST/STM32CubeIDE_1.19.0/STM32CubeIDE/plugins/com.st.stm32cube.ide.mcu.externaltools.gnu-tools-for-stm32.13.3.rel1.win32_1.0.0.202411081344/tools/bin/../lib/gcc/arm-none-eabi/13.3.1/../../../../arm-none-eabi/lib/thumb/v7-m/nofp\libc_nano.a(libc_a-memset.o)
 .debug_frame   0x000027d4       0x2c C:/ST/STM32CubeIDE_1.19.0/STM32CubeIDE/plugins/com.st.stm32cube.ide.mcu.externaltools.gnu-tools-for-stm32.13.3.rel1.win32_1.0.0.202411081344/tools/bin/../lib/gcc/arm-none-eabi/13.3.1/../../../../arm-none-eabi/lib/thumb/v7-m/nofp\libc_nano.a(libc_a-init.o)
 .debug_frame   0x00002800       0x4c C:/ST/STM32CubeIDE_1.19.0/STM32CubeIDE/plugins/com.st.stm32cube.ide.mcu.externaltools.gnu-tools-for-stm32.13.3.rel1.win32_1.0.0.202411081344/tools/bin/../lib/gcc/arm-none-eabi/13.3.1/thumb/v7-m/nofp\libgcc.a(_arm_addsubsf3.o)
 .debug_frame   0x0000284c       0x38 C:/ST/STM32CubeIDE_1.19.0/STM32CubeIDE/plugins/com.st.stm32cube.ide.mcu.externaltools.gnu-tools-for-stm32.13.3.rel1.win32_1.0.0.202411081344/tools/bin/../lib/gcc/arm-none-eabi/13.3.1/thumb/v7-m/nofp\libgcc.a(_arm_muldivsf3.o)
 .debug_frame   0x00002884       0xc8 C:/ST/STM32CubeIDE_1.19.0/STM32CubeIDE/plugins/com.st.stm32cube.ide.mcu.externaltools.gnu-tools-for-stm32.13.3.rel1.win32_1.0.0.202411081344/tools/bin/../lib/gcc/arm-none-eabi/13.3.1/thumb/v7-m/nofp\libgcc.a(_arm_cmpsf2.o)
 .debug_frame   0x0000294c       0x24 C:/ST/STM32CubeIDE_1.19.0/STM32CubeIDE/plugins/com.st.stm32cube.ide.mcu.externaltools.gnu-tools-for-stm32.13.3.rel1.win32_1.0.0.202411081344/tools/bin/../lib/gcc/arm-none-eabi/13.3.1/thumb/v7-m/nofp\libgcc.a(_arm_fixunssfsi.o)

.debug_line_str
                0x00000000       0x40
 .debug_line_str
                0x00000000       0x40 ./Core/Startup/startup_stm32f103c8tx.o
